Job 3305116 starting on c302-005.ls6.tacc.utexas.edu at Mon Jul 20 08:14:14 CDT 2026
Node has 1 cores
Running full sweep with 128 workers -> results_3305116/
Capping workers 128 -> 44: 270GB total memory / 6.0GB per worker (override with --mem-per-worker-gb)
Dispatching 222 experiment points over 44 workers...
[strat_s] D=1024 k=3 landmarks=500 strategy=stratified seed=4 -> acc=0.9628 (train 111.1s)
[strat_s] D=512 k=3 landmarks=500 strategy=stratified seed=0 -> acc=0.9428 (train 111.3s)
[strat_u] D=1024 k=3 landmarks=500 seed=3 -> acc=0.9612 (train 112.0s)
[strat_u] D=512 k=3 landmarks=500 seed=0 -> acc=0.9469 (train 112.1s)
[strat_s] D=1024 k=3 landmarks=500 strategy=stratified seed=1 -> acc=0.9618 (train 112.4s)
[strat_u] D=1024 k=3 landmarks=500 seed=5 -> acc=0.9605 (train 113.3s)
[strat_s] D=1024 k=3 landmarks=500 strategy=stratified seed=0 -> acc=0.9669 (train 113.0s)
[strat_s] D=1024 k=3 landmarks=500 strategy=stratified seed=2 -> acc=0.9631 (train 113.3s)
[strat_s] D=1024 k=3 landmarks=500 strategy=stratified seed=7 -> acc=0.9622 (train 113.2s)
[strat_u] D=1024 k=3 landmarks=500 seed=8 -> acc=0.9606 (train 113.6s)
[strat_u] D=1024 k=3 landmarks=500 seed=1 -> acc=0.9626 (train 114.0s)
[strat_s] D=1024 k=3 landmarks=500 strategy=stratified seed=3 -> acc=0.9617 (train 114.5s)
[strat_s] D=1024 k=3 landmarks=500 strategy=stratified seed=5 -> acc=0.9659 (train 114.5s)
[strat_s] D=1024 k=3 landmarks=500 strategy=stratified seed=6 -> acc=0.9635 (train 114.5s)
[strat_u] D=1024 k=3 landmarks=500 seed=0 -> acc=0.9659 (train 114.7s)
[strat_s] D=1024 k=3 landmarks=500 strategy=stratified seed=9 -> acc=0.9585 (train 114.8s)
[strat_u] D=1024 k=3 landmarks=500 seed=9 -> acc=0.9608 (train 115.0s)
[strat_u] D=1024 k=3 landmarks=500 seed=7 -> acc=0.9648 (train 115.0s)
[strat_u] D=1024 k=3 landmarks=500 seed=6 -> acc=0.9603 (train 114.9s)
[strat_u] D=1024 k=3 landmarks=500 seed=2 -> acc=0.9621 (train 115.2s)
[strat_u] D=1024 k=3 landmarks=500 seed=4 -> acc=0.9647 (train 115.2s)
[strat_s] D=1024 k=3 landmarks=500 strategy=stratified seed=8 -> acc=0.9628 (train 115.1s)
[ksweep] D=128 k=3 landmarks=500 seed=42 -> acc=0.8263 (train 159.6s)
[ksweep] D=512 k=3 landmarks=500 seed=42 -> acc=0.9392 (train 160.2s)
[ksweep] D=64 k=3 landmarks=500 seed=42 -> acc=0.7059 (train 163.0s)
[ksweep] D=1024 k=3 landmarks=500 seed=42 -> acc=0.9602 (train 163.6s)
[strat_u] D=512 k=3 landmarks=500 seed=1 -> acc=0.9450 (train 109.2s)
[strat_u] D=512 k=3 landmarks=500 seed=4 -> acc=0.9420 (train 108.5s)
[strat_s] D=512 k=3 landmarks=500 strategy=stratified seed=1 -> acc=0.9397 (train 110.0s)
[strat_s] D=512 k=3 landmarks=500 strategy=stratified seed=2 -> acc=0.9432 (train 109.3s)
[strat_u] D=512 k=3 landmarks=500 seed=2 -> acc=0.9440 (train 109.6s)
[strat_u] D=512 k=3 landmarks=500 seed=3 -> acc=0.9349 (train 109.8s)
[strat_s] D=512 k=3 landmarks=500 strategy=stratified seed=7 -> acc=0.9456 (train 108.3s)
[strat_u] D=512 k=3 landmarks=500 seed=5 -> acc=0.9429 (train 109.5s)
[strat_s] D=512 k=3 landmarks=500 strategy=stratified seed=3 -> acc=0.9458 (train 110.2s)
[strat_s] D=512 k=3 landmarks=500 strategy=stratified seed=4 -> acc=0.9374 (train 110.8s)
[strat_u] D=128 k=3 landmarks=500 seed=0 -> acc=0.8387 (train 109.1s)
[strat_s] D=512 k=3 landmarks=500 strategy=stratified seed=6 -> acc=0.9443 (train 110.0s)
[strat_s] D=512 k=3 landmarks=500 strategy=stratified seed=5 -> acc=0.9411 (train 110.8s)
[strat_s] D=128 k=3 landmarks=500 strategy=stratified seed=0 -> acc=0.8175 (train 109.7s)
[strat_u] D=128 k=3 landmarks=500 seed=1 -> acc=0.8281 (train 109.8s)
[strat_u] D=512 k=3 landmarks=500 seed=8 -> acc=0.9330 (train 110.2s)
[strat_s] D=128 k=3 landmarks=500 strategy=stratified seed=1 -> acc=0.8212 (train 109.9s)
[strat_s] D=512 k=3 landmarks=500 strategy=stratified seed=8 -> acc=0.9430 (train 110.6s)
[strat_s] D=512 k=3 landmarks=500 strategy=stratified seed=9 -> acc=0.9388 (train 110.7s)
[strat_u] D=512 k=3 landmarks=500 seed=7 -> acc=0.9445 (train 111.5s)
[strat_u] D=512 k=3 landmarks=500 seed=6 -> acc=0.9411 (train 112.2s)
[strat_u] D=512 k=3 landmarks=500 seed=9 -> acc=0.9337 (train 111.8s)
[dim_nys] D=64 k=3 seed=42 -> acc=0.5767 (train 243.1s)
[dim_nys] D=128 k=3 seed=42 -> acc=0.7389 (train 245.5s)
[dim_nys] D=512 k=3 seed=42 -> acc=0.9209 (train 247.4s)
[dim_nys] D=1024 k=3 seed=42 -> acc=0.9565 (train 252.6s)
[prec_nys] D=1024 precision=6 -> acc=0.9321
[prec_nys] D=1024 precision=8 -> acc=0.9536
[prec_nys] D=1024 precision=10 -> acc=0.9556
[strat_u] D=128 k=3 landmarks=500 seed=2 -> acc=0.8106 (train 108.9s)
[strat_s] D=128 k=3 landmarks=500 strategy=stratified seed=2 -> acc=0.8362 (train 109.0s)
[strat_u] D=128 k=3 landmarks=500 seed=3 -> acc=0.7894 (train 109.8s)
[strat_s] D=128 k=3 landmarks=500 strategy=stratified seed=3 -> acc=0.8241 (train 110.0s)
[strat_u] D=128 k=3 landmarks=500 seed=4 -> acc=0.8148 (train 108.0s)
[strat_s] D=128 k=3 landmarks=500 strategy=stratified seed=4 -> acc=0.8018 (train 107.9s)
[strat_s] D=128 k=3 landmarks=500 strategy=stratified seed=5 -> acc=0.8136 (train 107.9s)
[strat_u] D=128 k=3 landmarks=500 seed=7 -> acc=0.8528 (train 106.7s)
[strat_u] D=128 k=3 landmarks=500 seed=6 -> acc=0.8404 (train 108.0s)
[strat_u] D=128 k=3 landmarks=500 seed=5 -> acc=0.7994 (train 109.2s)
[strat_s] D=128 k=3 landmarks=500 strategy=stratified seed=6 -> acc=0.8379 (train 108.3s)
[strat_s] D=128 k=3 landmarks=500 strategy=stratified seed=7 -> acc=0.8216 (train 108.0s)
[strat_u] D=128 k=3 landmarks=500 seed=8 -> acc=0.8165 (train 108.4s)
[strat_s] D=64 k=3 landmarks=500 strategy=stratified seed=2 -> acc=0.7197 (train 107.7s)
[strat_s] D=128 k=3 landmarks=500 strategy=stratified seed=9 -> acc=0.7937 (train 108.7s)
[strat_s] D=64 k=3 landmarks=500 strategy=stratified seed=0 -> acc=0.7044 (train 108.8s)
[strat_u] D=64 k=3 landmarks=500 seed=1 -> acc=0.6970 (train 108.9s)
[strat_u] D=64 k=3 landmarks=500 seed=3 -> acc=0.6947 (train 108.6s)
[strat_s] D=64 k=3 landmarks=500 strategy=stratified seed=1 -> acc=0.7186 (train 109.2s)
[strat_s] D=64 k=3 landmarks=500 strategy=stratified seed=3 -> acc=0.6910 (train 108.3s)
[strat_u] D=128 k=3 landmarks=500 seed=9 -> acc=0.7791 (train 110.3s)
[strat_u] D=64 k=3 landmarks=500 seed=0 -> acc=0.7152 (train 110.2s)
[strat_s] D=128 k=3 landmarks=500 strategy=stratified seed=8 -> acc=0.8548 (train 111.0s)
[strat_u] D=64 k=3 landmarks=500 seed=2 -> acc=0.6710 (train 109.9s)
[strat_u] D=64 k=3 landmarks=500 seed=4 -> acc=0.6687 (train 110.4s)
[strat_s] D=64 k=3 landmarks=500 strategy=stratified seed=4 -> acc=0.7157 (train 110.9s)
[strat_u] D=64 k=3 landmarks=500 seed=5 -> acc=0.6579 (train 108.7s)
[strat_s] D=64 k=3 landmarks=500 strategy=stratified seed=5 -> acc=0.6834 (train 110.5s)
[strat_u] D=64 k=3 landmarks=500 seed=6 -> acc=0.7336 (train 108.9s)
[strat_s] D=64 k=3 landmarks=500 strategy=stratified seed=6 -> acc=0.7204 (train 109.6s)
[strat_u] D=64 k=3 landmarks=500 seed=7 -> acc=0.7315 (train 110.1s)
[strat_s] D=64 k=3 landmarks=500 strategy=stratified seed=7 -> acc=0.7258 (train 110.1s)
[strat_u] D=64 k=3 landmarks=500 seed=8 -> acc=0.7045 (train 110.5s)
[dim_ngram] D=64 precision=None -> acc=0.5489
[dim_ngram] D=128 precision=None -> acc=0.6890
[strat_u] D=64 k=3 landmarks=500 seed=9 -> acc=0.6617 (train 108.2s)
[strat_s] D=64 k=3 landmarks=500 strategy=stratified seed=8 -> acc=0.7450 (train 109.7s)
[strat_s] D=64 k=3 landmarks=500 strategy=stratified seed=9 -> acc=0.6933 (train 109.9s)
[nlsweep] D=1024 k=3 landmarks=500 seed=42 -> acc=0.9602 (train 111.9s)
[dim_ngram] D=512 precision=None -> acc=0.9001
[nlsweep_fine] D=1024 k=3 landmarks=200 seed=0 -> acc=0.9558 (train 84.6s)
[dim_ngram] D=1024 precision=None -> acc=0.9405
[nlsweep_fine] D=1024 k=3 landmarks=200 seed=1 -> acc=0.9558 (train 85.7s)
[nlsweep_fine] D=1024 k=3 landmarks=200 seed=2 -> acc=0.9580 (train 85.2s)
[prec_ngram] D=1024 precision=6 -> acc=0.9065
[prec_ngram] D=1024 precision=8 -> acc=0.9344
[nlsweep_fine] D=1024 k=3 landmarks=200 seed=3 -> acc=0.9583 (train 84.5s)
[nlsweep_fine] D=1024 k=3 landmarks=200 seed=5 -> acc=0.9643 (train 83.7s)
[nlsweep_fine] D=1024 k=3 landmarks=200 seed=4 -> acc=0.9624 (train 84.3s)
[ensemble] budget=512 num_encoders=1 (D_small=512) -> acc=0.9392
[ensemble] budget=1024 num_encoders=1 (D_small=1024) -> acc=0.9602
[prec_ngram] D=1024 precision=10 -> acc=0.9406
[ensemble] budget=256 num_encoders=1 (D_small=256) -> acc=0.8968
[ensemble] budget=128 num_encoders=1 (D_small=128) -> acc=0.8263
[nlsweep_fine] D=1024 k=3 landmarks=200 seed=6 -> acc=0.9606 (train 83.8s)
[nlsweep_fine] D=1024 k=3 landmarks=200 seed=7 -> acc=0.9561 (train 83.8s)
[nlsweep_fine] D=1024 k=3 landmarks=200 seed=8 -> acc=0.9580 (train 84.5s)
[nlsweep_fine] D=1024 k=3 landmarks=200 seed=9 -> acc=0.9605 (train 84.2s)
[nlsweep] D=1024 k=3 landmarks=800 seed=42 -> acc=0.9664 (train 138.6s)
[nlsweep_fine] D=1024 k=3 landmarks=400 seed=0 -> acc=0.9647 (train 102.1s)
[nlsweep_fine] D=1024 k=3 landmarks=400 seed=1 -> acc=0.9594 (train 101.8s)
[nlsweep_fine] D=1024 k=3 landmarks=400 seed=2 -> acc=0.9629 (train 101.3s)
[nlsweep_fine] D=1024 k=3 landmarks=400 seed=3 -> acc=0.9602 (train 101.3s)
[nlsweep] D=1024 k=3 landmarks=1000 seed=42 -> acc=0.9586 (train 156.1s)
[nlsweep_fine] D=1024 k=3 landmarks=400 seed=4 -> acc=0.9655 (train 101.0s)
[nlsweep_fine] D=1024 k=3 landmarks=400 seed=5 -> acc=0.9626 (train 102.1s)
[nlsweep_fine] D=1024 k=3 landmarks=400 seed=6 -> acc=0.9612 (train 101.7s)
[nlsweep_fine] D=1024 k=3 landmarks=400 seed=7 -> acc=0.9659 (train 102.2s)
[nlsweep_fine] D=1024 k=3 landmarks=400 seed=8 -> acc=0.9653 (train 102.3s)
[nlsweep_fine] D=1024 k=3 landmarks=400 seed=9 -> acc=0.9601 (train 102.9s)
[nlsweep_fine] D=1024 k=3 landmarks=600 seed=0 -> acc=0.9628 (train 118.3s)
[nlsweep_fine] D=1024 k=3 landmarks=600 seed=1 -> acc=0.9661 (train 119.1s)
[nlsweep_fine] D=1024 k=3 landmarks=600 seed=2 -> acc=0.9617 (train 117.9s)
[nlsweep_fine] D=1024 k=3 landmarks=600 seed=3 -> acc=0.9605 (train 117.1s)
[nlsweep_fine] D=1024 k=3 landmarks=600 seed=4 -> acc=0.9601 (train 117.4s)
[nlsweep_fine] D=1024 k=3 landmarks=600 seed=5 -> acc=0.9608 (train 117.6s)
[nlsweep_fine] D=1024 k=3 landmarks=600 seed=7 -> acc=0.9667 (train 117.7s)
[nlsweep_fine] D=1024 k=3 landmarks=600 seed=8 -> acc=0.9597 (train 118.4s)
[nlsweep_fine] D=1024 k=3 landmarks=600 seed=6 -> acc=0.9637 (train 118.4s)
[nlsweep_fine] D=1024 k=3 landmarks=600 seed=9 -> acc=0.9584 (train 116.6s)
[nlsweep] D=1024 k=3 landmarks=2000 seed=42 -> acc=0.9565 (train 252.0s)
[nlsweep_fine] D=1024 k=3 landmarks=800 seed=1 -> acc=0.9664 (train 140.2s)
[nlsweep_fine] D=1024 k=3 landmarks=800 seed=0 -> acc=0.9618 (train 141.6s)
[nlsweep_fine] D=1024 k=3 landmarks=800 seed=2 -> acc=0.9625 (train 140.2s)
[nlsweep_fine] D=1024 k=3 landmarks=800 seed=3 -> acc=0.9581 (train 139.7s)
[nlsweep_fine] D=1024 k=3 landmarks=800 seed=4 -> acc=0.9603 (train 140.0s)
[nlsweep_fine] D=1024 k=3 landmarks=800 seed=5 -> acc=0.9630 (train 139.2s)
[nlsweep_fine] D=1024 k=3 landmarks=800 seed=6 -> acc=0.9583 (train 140.6s)
[nlsweep_fine] D=1024 k=3 landmarks=800 seed=7 -> acc=0.9593 (train 139.4s)
[nlsweep_fine] D=1024 k=3 landmarks=800 seed=8 -> acc=0.9646 (train 140.8s)
[nlsweep_fine] D=1024 k=3 landmarks=800 seed=9 -> acc=0.9608 (train 140.0s)
[ensemble] budget=1024 num_encoders=3 (D_small=341) -> acc=0.9489
[ensemble] budget=512 num_encoders=3 (D_small=170) -> acc=0.9121
[ensemble] budget=256 num_encoders=3 (D_small=85) -> acc=0.8304
[ensemble] budget=128 num_encoders=3 (D_small=42) -> acc=0.6877
[nlsweep_fine] D=1024 k=3 landmarks=1000 seed=0 -> acc=0.9540 (train 156.6s)
[nlsweep_fine] D=1024 k=3 landmarks=1000 seed=1 -> acc=0.9585 (train 156.5s)
[nlsweep_fine] D=1024 k=3 landmarks=1000 seed=2 -> acc=0.9590 (train 157.1s)
[nlsweep_fine] D=1024 k=3 landmarks=1000 seed=3 -> acc=0.9604 (train 156.8s)
[nlsweep_fine] D=1024 k=3 landmarks=1000 seed=4 -> acc=0.9612 (train 157.8s)
[nlsweep_fine] D=1024 k=3 landmarks=1000 seed=5 -> acc=0.9570 (train 156.7s)
[nlsweep_fine] D=1024 k=3 landmarks=1000 seed=6 -> acc=0.9571 (train 158.3s)
[nlsweep_fine] D=1024 k=3 landmarks=1000 seed=7 -> acc=0.9592 (train 157.0s)
[nlsweep_fine] D=1024 k=3 landmarks=1000 seed=8 -> acc=0.9599 (train 156.3s)
[nlsweep_fine] D=1024 k=3 landmarks=1000 seed=9 -> acc=0.9637 (train 157.9s)
[nlsweep_fine] D=1024 k=3 landmarks=1200 seed=0 -> acc=0.9572 (train 172.0s)
[nlsweep_fine] D=1024 k=3 landmarks=1200 seed=1 -> acc=0.9587 (train 172.3s)
[nlsweep_fine] D=1024 k=3 landmarks=1200 seed=2 -> acc=0.9567 (train 172.6s)
[nlsweep_fine] D=1024 k=3 landmarks=1200 seed=3 -> acc=0.9536 (train 171.6s)
[nlsweep_fine] D=1024 k=3 landmarks=1200 seed=4 -> acc=0.9572 (train 172.6s)
[nlsweep_fine] D=1024 k=3 landmarks=1200 seed=6 -> acc=0.9563 (train 172.0s)
[nlsweep_fine] D=1024 k=3 landmarks=1200 seed=5 -> acc=0.9607 (train 173.3s)
[ensemble] budget=1024 num_encoders=4 (D_small=256) -> acc=0.9396
[ensemble] budget=256 num_encoders=4 (D_small=64) -> acc=0.8287
[ensemble] budget=512 num_encoders=4 (D_small=128) -> acc=0.9041
[ensemble] budget=128 num_encoders=4 (D_small=32) -> acc=0.6774
[nlsweep_fine] D=1024 k=3 landmarks=1200 seed=7 -> acc=0.9582 (train 171.6s)
[nlsweep_fine] D=1024 k=3 landmarks=1200 seed=8 -> acc=0.9612 (train 172.0s)
[nlsweep_fine] D=1024 k=3 landmarks=1200 seed=9 -> acc=0.9602 (train 173.5s)
[nlsweep_fine] D=1024 k=3 landmarks=1400 seed=0 -> acc=0.9571 (train 195.3s)
[nlsweep_fine] D=1024 k=3 landmarks=1400 seed=1 -> acc=0.9580 (train 195.6s)
[nlsweep_fine] D=1024 k=3 landmarks=1400 seed=2 -> acc=0.9543 (train 195.4s)
[nlsweep_fine] D=1024 k=3 landmarks=1400 seed=3 -> acc=0.9596 (train 194.7s)
[nlsweep_fine] D=1024 k=3 landmarks=1400 seed=4 -> acc=0.9586 (train 196.0s)
[nlsweep_fine] D=1024 k=3 landmarks=1400 seed=5 -> acc=0.9478 (train 194.8s)
[nlsweep_fine] D=1024 k=3 landmarks=1400 seed=6 -> acc=0.9564 (train 195.2s)
[nlsweep_fine] D=1024 k=3 landmarks=1400 seed=7 -> acc=0.9619 (train 195.6s)
[nlsweep_fine] D=1024 k=3 landmarks=1400 seed=8 -> acc=0.9621 (train 195.3s)
[ensemble] budget=512 num_encoders=5 (D_small=102) -> acc=0.9058
[nlsweep_fine] D=1024 k=3 landmarks=1400 seed=9 -> acc=0.9527 (train 195.8s)
[ensemble] budget=1024 num_encoders=5 (D_small=204) -> acc=0.9409
[ensemble] budget=128 num_encoders=5 (D_small=25) -> acc=0.6675
[ensemble] budget=256 num_encoders=5 (D_small=51) -> acc=0.8223
[nlsweep_fine] D=1024 k=3 landmarks=1600 seed=0 -> acc=0.9551 (train 211.9s)
[nlsweep_fine] D=1024 k=3 landmarks=1600 seed=1 -> acc=0.9591 (train 212.1s)
[nlsweep_fine] D=1024 k=3 landmarks=1600 seed=2 -> acc=0.9538 (train 212.1s)
[nlsweep_fine] D=1024 k=3 landmarks=1600 seed=3 -> acc=0.9585 (train 212.8s)
[nlsweep_fine] D=1024 k=3 landmarks=1600 seed=4 -> acc=0.9579 (train 213.3s)
[nlsweep_fine] D=1024 k=3 landmarks=1600 seed=5 -> acc=0.9575 (train 211.8s)
[nlsweep_fine] D=1024 k=3 landmarks=1600 seed=7 -> acc=0.9561 (train 212.2s)
[nlsweep_fine] D=1024 k=3 landmarks=1600 seed=6 -> acc=0.9565 (train 213.6s)
[nlsweep_fine] D=1024 k=3 landmarks=1600 seed=8 -> acc=0.9561 (train 213.2s)
[nlsweep_fine] D=1024 k=3 landmarks=1600 seed=9 -> acc=0.9561 (train 213.1s)
[nlsweep_fine] D=1024 k=3 landmarks=1800 seed=0 -> acc=0.9498 (train 227.4s)
[nlsweep_fine] D=1024 k=3 landmarks=1800 seed=1 -> acc=0.9522 (train 226.6s)
[nlsweep_fine] D=1024 k=3 landmarks=1800 seed=2 -> acc=0.9543 (train 227.5s)
[nlsweep_fine] D=1024 k=3 landmarks=1800 seed=3 -> acc=0.9573 (train 227.3s)
[nlsweep_fine] D=1024 k=3 landmarks=1800 seed=4 -> acc=0.9546 (train 227.3s)
[nlsweep_fine] D=1024 k=3 landmarks=1800 seed=5 -> acc=0.9590 (train 225.7s)
[nlsweep_fine] D=1024 k=3 landmarks=1800 seed=7 -> acc=0.9501 (train 226.3s)
[nlsweep_fine] D=1024 k=3 landmarks=1800 seed=9 -> acc=0.9547 (train 225.8s)
[nlsweep_fine] D=1024 k=3 landmarks=1800 seed=6 -> acc=0.9490 (train 227.6s)
[nlsweep_fine] D=1024 k=3 landmarks=1800 seed=8 -> acc=0.9554 (train 227.5s)
[nlsweep_fine] D=1024 k=3 landmarks=2000 seed=0 -> acc=0.9549 (train 250.6s)
[nlsweep_fine] D=1024 k=3 landmarks=2000 seed=1 -> acc=0.9521 (train 249.6s)
[nlsweep_fine] D=1024 k=3 landmarks=2000 seed=2 -> acc=0.9566 (train 249.7s)
[nlsweep_fine] D=1024 k=3 landmarks=2000 seed=3 -> acc=0.9560 (train 248.6s)
[nlsweep_fine] D=1024 k=3 landmarks=2000 seed=4 -> acc=0.9570 (train 248.1s)
[nlsweep_fine] D=1024 k=3 landmarks=2000 seed=5 -> acc=0.9529 (train 248.0s)
[nlsweep_fine] D=1024 k=3 landmarks=2000 seed=7 -> acc=0.9483 (train 244.6s)
[nlsweep_fine] D=1024 k=3 landmarks=2000 seed=6 -> acc=0.9514 (train 245.7s)
[nlsweep_fine] D=1024 k=3 landmarks=2000 seed=8 -> acc=0.9489 (train 244.6s)
[nlsweep_fine] D=1024 k=3 landmarks=2000 seed=9 -> acc=0.9550 (train 243.5s)
[ksweep] D=64 k=4 landmarks=500 seed=42 -> acc=0.7864 (train 1974.5s)
[ksweep] D=1024 k=4 landmarks=500 seed=42 -> acc=0.9683 (train 1977.9s)
[ksweep] D=128 k=4 landmarks=500 seed=42 -> acc=0.8822 (train 1977.3s)
[ksweep] D=512 k=4 landmarks=500 seed=42 -> acc=0.9557 (train 1980.0s)

All points done in 2171.0s wall.

Wrote plots + results.json to results_3305116/

===== SUMMARY =====
Dimension sweep (exact Hamming):
  D= 1024  Nystrom=0.9565  N-gram=0.9405
  D=  512  Nystrom=0.9209  N-gram=0.9001
  D=  128  Nystrom=0.7389  N-gram=0.6890
  D=   64  Nystrom=0.5767  N-gram=0.5489

Stratified vs. unstratified landmark sampling (mean +/- std over 10 runs):
  D= 1024  stratified=0.9629+/-0.0022  unstratified=0.9624+/-0.0020
  D=  512  stratified=0.9422+/-0.0027  unstratified=0.9408+/-0.0048
  D=  128  stratified=0.8222+/-0.0168  unstratified=0.8170+/-0.0223
  D=   64  stratified=0.7117+/-0.0177  unstratified=0.6936+/-0.0266

Landmark-count sweep, fine (mean +/- std over 10 runs):
  num_landmark=  200  acc=0.9590+/-0.0028
  num_landmark=  400  acc=0.9628+/-0.0023
  num_landmark=  600  acc=0.9620+/-0.0026
  num_landmark=  800  acc=0.9615+/-0.0026
  num_landmark= 1000  acc=0.9590+/-0.0025
  num_landmark= 1200  acc=0.9580+/-0.0022
  num_landmark= 1400  acc=0.9568+/-0.0041
  num_landmark= 1600  acc=0.9567+/-0.0015
  num_landmark= 1800  acc=0.9536+/-0.0031
  num_landmark= 2000  acc=0.9533+/-0.0029
Job 3305116 finished at Mon Jul 20 08:50:31 CDT 2026
Results + plots in: /scratch/09424/jiwoooop/hdc-language/results_3305116/
