Job 3299319 starting on c303-020.ls6.tacc.utexas.edu at Thu Jul 16 15:14:15 CDT 2026
Node has 1 cores
Running full sweep with 128 workers -> results_3299319/
Dispatching 63 experiment points over 128 workers...
[nlsweep_fine] D=1024 k=3 landmarks=200 -> acc=0.9623 (train 90.4s)
[nlsweep_fine] D=1024 k=3 landmarks=400 -> acc=0.9668 (train 106.0s)
[bitbudget] budget=128 num_encoders=1 (D_small=128) -> acc=0.8263
[strat_u] D=128 k=3 landmarks=500 -> acc=0.8263 (train 116.3s)
[strat_s] D=64 k=3 landmarks=500 -> acc=0.6807 (train 118.1s)
[strat_u] D=64 k=3 landmarks=500 -> acc=0.7059 (train 117.7s)
[bitbudget] budget=256 num_encoders=1 (D_small=256) -> acc=0.8968
[strat_s] D=128 k=3 landmarks=500 -> acc=0.8139 (train 119.6s)
[strat_u] D=512 k=3 landmarks=500 -> acc=0.9392 (train 119.5s)
[bitbudget] budget=512 num_encoders=1 (D_small=512) -> acc=0.9392
[ensemble] budget=1024 num_encoders=1 (D_small=1024) -> acc=0.9602
[strat_s] D=1024 k=3 landmarks=500 -> acc=0.9594 (train 121.7s)
[strat_u] D=1024 k=3 landmarks=500 -> acc=0.9602 (train 120.7s)
[strat_s] D=512 k=3 landmarks=500 -> acc=0.9386 (train 121.1s)
[bitbudget] budget=1024 num_encoders=1 (D_small=1024) -> acc=0.9602
[nlsweep] D=1024 k=3 landmarks=500 -> acc=0.9602 (train 121.3s)
[nlsweep_fine] D=1024 k=3 landmarks=600 -> acc=0.9649 (train 126.6s)
[nlsweep] D=1024 k=3 landmarks=800 -> acc=0.9664 (train 152.5s)
[nlsweep_fine] D=1024 k=3 landmarks=800 -> acc=0.9664 (train 152.7s)
[nlsweep_fine] D=1024 k=3 landmarks=1000 -> acc=0.9586 (train 169.0s)
[ksweep] D=128 k=3 landmarks=500 -> acc=0.8263 (train 168.0s)
[nlsweep] D=1024 k=3 landmarks=1000 -> acc=0.9586 (train 171.1s)
[ksweep] D=512 k=3 landmarks=500 -> acc=0.9392 (train 169.6s)
[ksweep] D=64 k=3 landmarks=500 -> acc=0.7059 (train 170.0s)
[ksweep] D=1024 k=3 landmarks=500 -> acc=0.9602 (train 171.3s)
[nlsweep_fine] D=1024 k=3 landmarks=1200 -> acc=0.9609 (train 184.9s)
[nlsweep_fine] D=1024 k=3 landmarks=1400 -> acc=0.9565 (train 209.8s)
[ensemble] budget=1024 num_encoders=2 (D_small=512) -> acc=0.9354
[nlsweep_fine] D=1024 k=3 landmarks=1600 -> acc=0.9588 (train 228.7s)
[nlsweep_fine] D=1024 k=3 landmarks=1800 -> acc=0.9521 (train 245.4s)
[dim_nys] D=128 k=3 -> acc=0.7389 (train 257.5s)
[dim_nys] D=64 k=3 -> acc=0.5767 (train 259.8s)
[dim_nys] D=512 k=3 -> acc=0.9209 (train 262.2s)
[nlsweep] D=1024 k=3 landmarks=2000 -> acc=0.9565 (train 270.2s)
[dim_nys] D=1024 k=3 -> acc=0.9565 (train 270.8s)
[prec_nys] D=1024 precision=10 -> acc=0.9556
[nlsweep_fine] D=1024 k=3 landmarks=2000 -> acc=0.9565 (train 271.5s)
[prec_nys] D=1024 precision=8 -> acc=0.9536
[prec_nys] D=1024 precision=6 -> acc=0.9321
[bitbudget] budget=512 num_encoders=3 (D_small=170) -> acc=0.9121
[bitbudget] budget=256 num_encoders=3 (D_small=85) -> acc=0.8304
[bitbudget] budget=128 num_encoders=3 (D_small=42) -> acc=0.6877
[bitbudget] budget=1024 num_encoders=3 (D_small=341) -> acc=0.9489
[dim_ngram] D=64 precision=None -> acc=0.5489
[dim_ngram] D=128 precision=None -> acc=0.6890
[ensemble] budget=1024 num_encoders=4 (D_small=256) -> acc=0.9396
[bitbudget] budget=256 num_encoders=4 (D_small=64) -> acc=0.8287
[bitbudget] budget=128 num_encoders=4 (D_small=32) -> acc=0.6774
[bitbudget] budget=512 num_encoders=4 (D_small=128) -> acc=0.9041
[bitbudget] budget=1024 num_encoders=4 (D_small=256) -> acc=0.9396
[dim_ngram] D=512 precision=None -> acc=0.9001
[dim_ngram] D=1024 precision=None -> acc=0.9405
[prec_ngram] D=1024 precision=8 -> acc=0.9344
[prec_ngram] D=1024 precision=6 -> acc=0.9065
[prec_ngram] D=1024 precision=10 -> acc=0.9406
[bitbudget] budget=512 num_encoders=5 (D_small=102) -> acc=0.9058
[bitbudget] budget=256 num_encoders=5 (D_small=51) -> acc=0.8223
[bitbudget] budget=128 num_encoders=5 (D_small=25) -> acc=0.6675
[bitbudget] budget=1024 num_encoders=5 (D_small=204) -> acc=0.9409
[ksweep] D=64 k=4 landmarks=500 -> acc=0.7864 (train 1929.2s)
[ksweep] D=128 k=4 landmarks=500 -> acc=0.8822 (train 1937.6s)
[ksweep] D=512 k=4 landmarks=500 -> acc=0.9557 (train 1938.0s)
[ksweep] D=1024 k=4 landmarks=500 -> acc=0.9683 (train 1942.5s)

All points done in 2132.8s wall.

Wrote plots + results.json to results_3299319/

===== SUMMARY =====
Dimension sweep (exact Hamming):
  D= 1024  Nystrom=0.9565  N-gram=0.9405
  D=  512  Nystrom=0.9209  N-gram=0.9001
  D=  128  Nystrom=0.7389  N-gram=0.6890
  D=   64  Nystrom=0.5767  N-gram=0.5489
Job 3299319 finished at Thu Jul 16 15:49:55 CDT 2026
Results + plots in: /scratch/09424/jiwoooop/hdc-language/results_3299319/
