Job 3321786 starting on v330-009.ls6.tacc.utexas.edu at Mon Jul 27 09:09:52 CDT 2026
Running gesture SNN sweep -> results_gesture_snn_3321786/
device: cuda
Loading data...

[hidden_size=16] training...
  epoch   1/30 -> loss=2.0986
  epoch   2/30 -> loss=2.0922
  epoch   3/30 -> loss=2.0882
  epoch   4/30 -> loss=2.0866
  epoch   5/30 -> loss=2.0853
  epoch   6/30 -> loss=2.0852
  epoch   7/30 -> loss=2.0845
  epoch   8/30 -> loss=2.0833
  epoch   9/30 -> loss=2.0825
  epoch  10/30 -> loss=2.0822
  epoch  11/30 -> loss=2.0818
  epoch  12/30 -> loss=2.0816
  epoch  13/30 -> loss=2.0802
  epoch  14/30 -> loss=2.0816
  epoch  15/30 -> loss=2.0809
  epoch  16/30 -> loss=2.0824
  epoch  17/30 -> loss=2.0813
  epoch  18/30 -> loss=2.0810
  epoch  19/30 -> loss=2.0789
  epoch  20/30 -> loss=2.0776
  epoch  21/30 -> loss=2.0772
  epoch  22/30 -> loss=2.0753
  epoch  23/30 -> loss=2.0734
  epoch  24/30 -> loss=2.0727
  epoch  25/30 -> loss=2.0716
  epoch  26/30 -> loss=2.0706
  epoch  27/30 -> loss=2.0695
  epoch  28/30 -> loss=2.0678
  epoch  29/30 -> loss=2.0671
  epoch  30/30 -> loss=2.0661
[hidden_size=16] -> acc=0.2867 (train 404.6s, eval 25.7s)

[hidden_size=32] training...
  epoch   1/30 -> loss=2.0978
  epoch   2/30 -> loss=2.0930
  epoch   3/30 -> loss=2.0891
  epoch   4/30 -> loss=2.0858
  epoch   5/30 -> loss=2.0830
  epoch   6/30 -> loss=2.0811
  epoch   7/30 -> loss=2.0799
  epoch   8/30 -> loss=2.0779
  epoch   9/30 -> loss=2.0776
  epoch  10/30 -> loss=2.0779
  epoch  11/30 -> loss=2.0755
  epoch  12/30 -> loss=2.0731
  epoch  13/30 -> loss=2.0703
  epoch  14/30 -> loss=2.0678
  epoch  15/30 -> loss=2.0669
  epoch  16/30 -> loss=2.0645
  epoch  17/30 -> loss=2.0615
  epoch  18/30 -> loss=2.0588
  epoch  19/30 -> loss=2.0566
  epoch  20/30 -> loss=2.0539
  epoch  21/30 -> loss=2.0506
  epoch  22/30 -> loss=2.0486
  epoch  23/30 -> loss=2.0468
  epoch  24/30 -> loss=2.0450
  epoch  25/30 -> loss=2.0435
  epoch  26/30 -> loss=2.0416
  epoch  27/30 -> loss=2.0396
  epoch  28/30 -> loss=2.0382
  epoch  29/30 -> loss=2.0366
  epoch  30/30 -> loss=2.0351
[hidden_size=32] -> acc=0.3113 (train 363.3s, eval 25.2s)

[hidden_size=64] training...
  epoch   1/30 -> loss=2.0853
  epoch   2/30 -> loss=2.0793
  epoch   3/30 -> loss=2.0794
  epoch   4/30 -> loss=2.0787
  epoch   5/30 -> loss=2.0787
  epoch   6/30 -> loss=2.0798
  epoch   7/30 -> loss=2.0770
  epoch   8/30 -> loss=2.0778
  epoch   9/30 -> loss=2.0735
  epoch  10/30 -> loss=2.0691
  epoch  11/30 -> loss=2.0666
  epoch  12/30 -> loss=2.0627
  epoch  13/30 -> loss=2.0598
  epoch  14/30 -> loss=2.0556
  epoch  15/30 -> loss=2.0540
  epoch  16/30 -> loss=2.0496
  epoch  17/30 -> loss=2.0483
  epoch  18/30 -> loss=2.0458
  epoch  19/30 -> loss=2.0431
  epoch  20/30 -> loss=2.0417
  epoch  21/30 -> loss=2.0399
  epoch  22/30 -> loss=2.0376
  epoch  23/30 -> loss=2.0363
  epoch  24/30 -> loss=2.0354
  epoch  25/30 -> loss=2.0335
  epoch  26/30 -> loss=2.0314
  epoch  27/30 -> loss=2.0297
  epoch  28/30 -> loss=2.0288
  epoch  29/30 -> loss=2.0276
  epoch  30/30 -> loss=2.0267
[hidden_size=64] -> acc=0.2976 (train 379.8s, eval 25.7s)

[hidden_size=128] training...
  epoch   1/30 -> loss=2.0887
  epoch   2/30 -> loss=2.0831
  epoch   3/30 -> loss=2.0838
  epoch   4/30 -> loss=2.0833
  epoch   5/30 -> loss=2.0781
  epoch   6/30 -> loss=2.0751
  epoch   7/30 -> loss=2.0733
  epoch   8/30 -> loss=2.0687
  epoch   9/30 -> loss=2.0620
  epoch  10/30 -> loss=2.0582
  epoch  11/30 -> loss=2.0563
  epoch  12/30 -> loss=2.0514
  epoch  13/30 -> loss=2.0496
  epoch  14/30 -> loss=2.0457
  epoch  15/30 -> loss=2.0439
  epoch  16/30 -> loss=2.0420
  epoch  17/30 -> loss=2.0371
  epoch  18/30 -> loss=2.0347
  epoch  19/30 -> loss=2.0327
  epoch  20/30 -> loss=2.0295
  epoch  21/30 -> loss=2.0280
  epoch  22/30 -> loss=2.0252
  epoch  23/30 -> loss=2.0243
  epoch  24/30 -> loss=2.0218
  epoch  25/30 -> loss=2.0199
  epoch  26/30 -> loss=2.0186
  epoch  27/30 -> loss=2.0168
  epoch  28/30 -> loss=2.0149
  epoch  29/30 -> loss=2.0130
  epoch  30/30 -> loss=2.0124
[hidden_size=128] -> acc=0.3423 (train 377.1s, eval 25.4s)

All points done in 1626.8s wall.

Wrote plot + results.json to results_gesture_snn_3321786/

===== SUMMARY =====
  hidden_size=  16  accuracy=0.2867
  hidden_size=  32  accuracy=0.3113
  hidden_size=  64  accuracy=0.2976
  hidden_size= 128  accuracy=0.3423
Job 3321786 finished at Mon Jul 27 09:37:22 CDT 2026
Results + plot in: /scratch/09424/jiwoooop/hdc-language/results_gesture_snn_3321786/
