
A module that was compiled using NumPy 1.x cannot be run in
NumPy 2.0.2 as it may crash. To support both 1.x and 2.x
versions of NumPy, modules must be compiled with NumPy 2.0.
Some module may need to rebuild instead e.g. with 'pybind11>=2.12'.

If you are a user of the module, the easiest solution will be to
downgrade to 'numpy<2' or try to upgrade the affected module.
We expect that some modules will need time to support NumPy 2.

Traceback (most recent call last):  File "<string>", line 1, in <module>
  File "/opt/apps/intel19/python3/3.9.7/lib/python3.9/site-packages/matplotlib/__init__.py", line 107, in <module>
    from . import _api, cbook, docstring, rcsetup
  File "/opt/apps/intel19/python3/3.9.7/lib/python3.9/site-packages/matplotlib/rcsetup.py", line 26, in <module>
    from matplotlib.colors import Colormap, is_color_like
  File "/opt/apps/intel19/python3/3.9.7/lib/python3.9/site-packages/matplotlib/colors.py", line 82, in <module>
    from matplotlib import _api, cbook, scale
  File "/opt/apps/intel19/python3/3.9.7/lib/python3.9/site-packages/matplotlib/scale.py", line 18, in <module>
    from matplotlib.ticker import (
  File "/opt/apps/intel19/python3/3.9.7/lib/python3.9/site-packages/matplotlib/ticker.py", line 179, in <module>
    from matplotlib import transforms as mtransforms
  File "/opt/apps/intel19/python3/3.9.7/lib/python3.9/site-packages/matplotlib/transforms.py", line 46, in <module>
    from matplotlib._path import (
AttributeError: _ARRAY_API not found
Traceback (most recent call last):
  File "<string>", line 1, in <module>
  File "/opt/apps/intel19/python3/3.9.7/lib/python3.9/site-packages/matplotlib/__init__.py", line 107, in <module>
    from . import _api, cbook, docstring, rcsetup
  File "/opt/apps/intel19/python3/3.9.7/lib/python3.9/site-packages/matplotlib/rcsetup.py", line 26, in <module>
    from matplotlib.colors import Colormap, is_color_like
  File "/opt/apps/intel19/python3/3.9.7/lib/python3.9/site-packages/matplotlib/colors.py", line 82, in <module>
    from matplotlib import _api, cbook, scale
  File "/opt/apps/intel19/python3/3.9.7/lib/python3.9/site-packages/matplotlib/scale.py", line 18, in <module>
    from matplotlib.ticker import (
  File "/opt/apps/intel19/python3/3.9.7/lib/python3.9/site-packages/matplotlib/ticker.py", line 179, in <module>
    from matplotlib import transforms as mtransforms
  File "/opt/apps/intel19/python3/3.9.7/lib/python3.9/site-packages/matplotlib/transforms.py", line 46, in <module>
    from matplotlib._path import (
ImportError: numpy.core.multiarray failed to import
WARNING: You are using pip version 21.2.4; however, version 26.0.1 is available.
You should consider upgrading via the '/opt/apps/intel19/python3/3.9.7/bin/python3.9 -m pip install --upgrade pip' command.
/scratch/09424/jiwoooop/snn-env/lib/python3.9/site-packages/tslearn/bases/bases.py:15: UserWarning: h5py not installed, hdf5 features will not be supported.
Install h5py to use hdf5 features: http://docs.h5py.org/
  warn(h5py_msg)
