Job 3321861 starting on v330-017.ls6.tacc.utexas.edu at Mon Jul 27 09:51:45 CDT 2026
Node has 1 cores
numpy/matplotlib/tslearn not found under system python3 -- installing to --user site-packages
Requirement already satisfied: numpy in /home1/09424/jiwoooop/.local/lib/python3.9/site-packages (2.0.2)
Requirement already satisfied: matplotlib in /opt/apps/intel19/python3/3.9.7/lib/python3.9/site-packages (3.4.3)
Requirement already satisfied: tslearn in /home1/09424/jiwoooop/.local/lib/python3.9/site-packages (0.6.4)
Requirement already satisfied: cycler>=0.10 in /opt/apps/intel19/python3/3.9.7/lib/python3.9/site-packages (from matplotlib) (0.10.0)
Requirement already satisfied: kiwisolver>=1.0.1 in /opt/apps/intel19/python3/3.9.7/lib/python3.9/site-packages (from matplotlib) (1.3.2)
Requirement already satisfied: pyparsing>=2.2.1 in /opt/apps/intel19/python3/3.9.7/lib/python3.9/site-packages (from matplotlib) (2.4.7)
Requirement already satisfied: pillow>=6.2.0 in /opt/apps/intel19/python3/3.9.7/lib/python3.9/site-packages (from matplotlib) (8.3.2)
Requirement already satisfied: python-dateutil>=2.7 in /opt/apps/intel19/python3/3.9.7/lib/python3.9/site-packages (from matplotlib) (2.8.2)
Requirement already satisfied: scipy<1.17,>=1.10.1 in /home1/09424/jiwoooop/.local/lib/python3.9/site-packages (from tslearn) (1.13.1)
Requirement already satisfied: numba<0.62,>=0.58.1 in /home1/09424/jiwoooop/.local/lib/python3.9/site-packages (from tslearn) (0.60.0)
Requirement already satisfied: joblib<1.6,>=0.12 in /home1/09424/jiwoooop/.local/lib/python3.9/site-packages (from tslearn) (1.5.3)
Requirement already satisfied: scikit-learn<1.7,>=1.3.2 in /home1/09424/jiwoooop/.local/lib/python3.9/site-packages (from tslearn) (1.6.1)
Requirement already satisfied: six in /opt/apps/intel19/python3/3.9.7/lib/python3.9/site-packages (from cycler>=0.10->matplotlib) (1.16.0)
Requirement already satisfied: llvmlite<0.44,>=0.43.0dev0 in /home1/09424/jiwoooop/.local/lib/python3.9/site-packages (from numba<0.62,>=0.58.1->tslearn) (0.43.0)
Requirement already satisfied: threadpoolctl>=3.1.0 in /home1/09424/jiwoooop/.local/lib/python3.9/site-packages (from scikit-learn<1.7,>=1.3.2->tslearn) (3.6.0)
Running gesture sweep with 32 workers -> results_gesture_3321861/
Dispatching 19 experiment points over 32 workers...
[dim_perm] D=64 num_levels=100 -> acc=0.2552 (train 19.6s)
[dim_perm] D=128 num_levels=100 -> acc=0.3632 (train 19.8s)
[dim_perm] D=256 num_levels=100 -> acc=0.4269 (train 20.1s)
[dim_perm] D=512 num_levels=100 -> acc=0.4966 (train 21.2s)
[levelsweep] D=1024 num_levels=20 -> acc=0.2987 (train 21.8s)
[levelsweep] D=1024 num_levels=200 -> acc=0.5729 (train 21.8s)
[levelsweep] D=1024 num_levels=100 -> acc=0.4950 (train 22.0s)
[dim_perm] D=1024 num_levels=100 -> acc=0.4950 (train 22.1s)
[levelsweep] D=1024 num_levels=50 -> acc=0.4045 (train 22.1s)
[dim_perm] D=2048 num_levels=100 -> acc=0.5310 (train 24.0s)
[dim_perm] D=4096 num_levels=100 -> acc=0.5664 (train 26.3s)
[dim_perm] D=8192 num_levels=100 -> acc=0.5597 (train 31.7s)
[dim_perm] D=10000 num_levels=100 -> acc=0.5595 (train 33.7s)
[nlsweep] D=1024 num_landmark=20 -> acc=0.7814 (kernel 882.1s, train 0.2s)
[nlsweep] D=1024 num_landmark=40 -> acc=0.8451 (kernel 1682.9s, train 0.1s)
[dim_gak] D=64 num_landmark=80 -> acc=0.7638 (train 0.0s)
[dim_gak] D=128 num_landmark=80 -> acc=0.8110 (train 0.0s)
[dim_gak] D=256 num_landmark=80 -> acc=0.8386 (train 0.0s)
[dim_gak] D=512 num_landmark=80 -> acc=0.8453 (train 0.0s)
[dim_gak] D=1024 num_landmark=80 -> acc=0.8490 (train 0.0s)
[dim_gak] D=2048 num_landmark=80 -> acc=0.8601 (train 0.0s)
[dim_gak] D=4096 num_landmark=80 -> acc=0.8596 (train 0.0s)
[dim_gak] D=8192 num_landmark=80 -> acc=0.8615 (train 0.1s)
[dim_gak] D=10000 num_landmark=80 -> acc=0.8638 (train 0.1s)
[nlsweep] D=1024 num_landmark=80 -> acc=0.8490 (kernel 3296.1s, train 0.0s)
[nlsweep] D=1024 num_landmark=160 -> acc=0.8671 (kernel 6567.1s, train 0.0s)
[nlsweep] D=1024 num_landmark=320 -> acc=0.8707 (kernel 13498.1s, train 0.0s)

All points done in 13498.5s wall.

Wrote plots + results.json to results_gesture_3321861/

===== SUMMARY =====
Dimension sweep:
  D=   64  Permutation=0.2552  Nystrom+GAK=0.7638
  D=  128  Permutation=0.3632  Nystrom+GAK=0.8110
  D=  256  Permutation=0.4269  Nystrom+GAK=0.8386
  D=  512  Permutation=0.4966  Nystrom+GAK=0.8453
  D= 1024  Permutation=0.4950  Nystrom+GAK=0.8490
  D= 2048  Permutation=0.5310  Nystrom+GAK=0.8601
  D= 4096  Permutation=0.5664  Nystrom+GAK=0.8596
  D= 8192  Permutation=0.5597  Nystrom+GAK=0.8615
  D=10000  Permutation=0.5595  Nystrom+GAK=0.8638
Job 3321861 finished at Mon Jul 27 13:38:12 CDT 2026
Results + plots in: /scratch/09424/jiwoooop/hdc-language/results_gesture_3321861/
