Job 3299405 starting on c314-193.ls6.tacc.utexas.edu at Fri Jul 17 20:16:18 CDT 2026
Node has 1 cores
Running full sweep with 128 workers -> results_3299405/
Dispatching 60 experiment points over 128 workers...
[nlsweep_fine] D=1024 k=3 landmarks=200 -> acc=0.9623 (train 88.7s)
[nlsweep_fine] D=1024 k=3 landmarks=400 -> acc=0.9668 (train 107.2s)
[strat_u] D=128 k=3 landmarks=500 -> acc=0.8263 (train 113.8s)
[strat_s] D=512 k=3 landmarks=500 -> acc=0.9386 (train 115.5s)
[ensemble] budget=128 num_encoders=1 (D_small=128) -> acc=0.8263
[strat_s] D=64 k=3 landmarks=500 -> acc=0.6807 (train 116.5s)
[nlsweep] D=1024 k=3 landmarks=500 -> acc=0.9602 (train 116.7s)
[strat_s] D=128 k=3 landmarks=500 -> acc=0.8139 (train 116.9s)
[strat_u] D=64 k=3 landmarks=500 -> acc=0.7059 (train 117.4s)
[ensemble] budget=256 num_encoders=1 (D_small=256) -> acc=0.8968
[ensemble] budget=1024 num_encoders=1 (D_small=1024) -> acc=0.9602
[strat_u] D=512 k=3 landmarks=500 -> acc=0.9392 (train 118.9s)
[strat_s] D=1024 k=3 landmarks=500 -> acc=0.9594 (train 118.8s)
[ensemble] budget=512 num_encoders=1 (D_small=512) -> acc=0.9392
[strat_u] D=1024 k=3 landmarks=500 -> acc=0.9602 (train 119.8s)
[nlsweep_fine] D=1024 k=3 landmarks=600 -> acc=0.9649 (train 122.1s)
[nlsweep_fine] D=1024 k=3 landmarks=800 -> acc=0.9664 (train 143.5s)
[nlsweep] D=1024 k=3 landmarks=800 -> acc=0.9664 (train 145.5s)
[nlsweep_fine] D=1024 k=3 landmarks=1000 -> acc=0.9586 (train 161.2s)
[nlsweep] D=1024 k=3 landmarks=1000 -> acc=0.9586 (train 162.8s)
[ksweep] D=64 k=3 landmarks=500 -> acc=0.7059 (train 161.8s)
[ksweep] D=128 k=3 landmarks=500 -> acc=0.8263 (train 162.0s)
[ksweep] D=512 k=3 landmarks=500 -> acc=0.9392 (train 163.7s)
[ksweep] D=1024 k=3 landmarks=500 -> acc=0.9602 (train 164.7s)
[nlsweep_fine] D=1024 k=3 landmarks=1200 -> acc=0.9609 (train 177.5s)
[nlsweep_fine] D=1024 k=3 landmarks=1400 -> acc=0.9565 (train 199.0s)
[nlsweep_fine] D=1024 k=3 landmarks=1600 -> acc=0.9588 (train 215.4s)
[nlsweep_fine] D=1024 k=3 landmarks=1800 -> acc=0.9521 (train 230.9s)
[dim_nys] D=64 k=3 -> acc=0.5767 (train 247.1s)
[dim_nys] D=128 k=3 -> acc=0.7389 (train 247.2s)
[dim_nys] D=512 k=3 -> acc=0.9209 (train 251.9s)
[nlsweep] D=1024 k=3 landmarks=2000 -> acc=0.9565 (train 255.6s)
[prec_nys] D=1024 precision=10 -> acc=0.9556
[nlsweep_fine] D=1024 k=3 landmarks=2000 -> acc=0.9565 (train 256.6s)
[dim_nys] D=1024 k=3 -> acc=0.9565 (train 256.7s)
[prec_nys] D=1024 precision=6 -> acc=0.9321
[prec_nys] D=1024 precision=8 -> acc=0.9536
[ensemble] budget=256 num_encoders=3 (D_small=85) -> acc=0.8304
[ensemble] budget=128 num_encoders=3 (D_small=42) -> acc=0.6877
[ensemble] budget=512 num_encoders=3 (D_small=170) -> acc=0.9121
[ensemble] budget=1024 num_encoders=3 (D_small=341) -> acc=0.9489
[dim_ngram] D=64 precision=None -> acc=0.5489
[dim_ngram] D=128 precision=None -> acc=0.6890
[ensemble] budget=128 num_encoders=4 (D_small=32) -> acc=0.6774
[ensemble] budget=512 num_encoders=4 (D_small=128) -> acc=0.9041
[ensemble] budget=1024 num_encoders=4 (D_small=256) -> acc=0.9396
[ensemble] budget=256 num_encoders=4 (D_small=64) -> acc=0.8287
[dim_ngram] D=512 precision=None -> acc=0.9001
[dim_ngram] D=1024 precision=None -> acc=0.9405
[prec_ngram] D=1024 precision=6 -> acc=0.9065
[prec_ngram] D=1024 precision=10 -> acc=0.9406
[prec_ngram] D=1024 precision=8 -> acc=0.9344
[ensemble] budget=128 num_encoders=5 (D_small=25) -> acc=0.6675
[ensemble] budget=256 num_encoders=5 (D_small=51) -> acc=0.8223
[ensemble] budget=512 num_encoders=5 (D_small=102) -> acc=0.9058
[ensemble] budget=1024 num_encoders=5 (D_small=204) -> acc=0.9409
[ksweep] D=64 k=4 landmarks=500 -> acc=0.7864 (train 2028.9s)
[ksweep] D=1024 k=4 landmarks=500 -> acc=0.9683 (train 2030.9s)
[ksweep] D=512 k=4 landmarks=500 -> acc=0.9557 (train 2037.7s)
[ksweep] D=128 k=4 landmarks=500 -> acc=0.8822 (train 2039.3s)

All points done in 2246.7s wall.

Wrote plots + results.json to results_3299405/

===== SUMMARY =====
Dimension sweep (exact Hamming):
  D= 1024  Nystrom=0.9565  N-gram=0.9405
  D=  512  Nystrom=0.9209  N-gram=0.9001
  D=  128  Nystrom=0.7389  N-gram=0.6890
  D=   64  Nystrom=0.5767  N-gram=0.5489
Job 3299405 finished at Fri Jul 17 20:53:51 CDT 2026
Results + plots in: /scratch/09424/jiwoooop/hdc-language/results_3299405/
